// Jest Snapshot v1, https://goo.gl/fbAQLP

exports[`HighlightedCodeBlock should auto highlight children 1`] = `
<div
  class="code-block rmd-text-primary-color rmd-dark-surface"
  data-testid="container"
>
  <div
    class="code-block__scroll-container"
  >
    <div
      class="code-block__pre-container"
    >
      <pre
        class="language-ts code-block__pre"
      >
        <code
          class="language-ts"
        >
          <span
            class="token keyword"
          >
            const
          </span>
           x 
          <span
            class="token operator"
          >
            =
          </span>
           
          <span
            class="token number"
          >
            3
          </span>
          <span
            class="token punctuation"
          >
            ;
          </span>
        </code>
      </pre>
    </div>
  </div>
</div>
`;
