// Jest Snapshot v1, https://goo.gl/fbAQLP

exports[`tableContainer should be callable without any arguments 1`] = `"rmd-table-container"`;
