// Jest Snapshot v1, https://goo.gl/fbAQLP

exports[`useControlledDraggable should allow for the value to be controlled 1`] = `
<button
  aria-valuenow="20"
  class="rmd-button rmd-button--text"
  type="button"
>
  <span>
    Button
  </span>
</button>
`;
