// Jest Snapshot v1, https://goo.gl/fbAQLP

exports[`TabList should update the tab indicator styles based on the active index 1`] = `
<div
  aria-orientation="horizontal"
  class="rmd-tablist rmd-tablist--left rmd-tablist--no-scrollbar"
  role="tablist"
  style="--rmd-tab-width: 120px; --rmd-tab-offset: 0px;"
  tabindex="0"
>
  <button
    aria-controls="tab-:r0:-panel-1"
    aria-selected="true"
    class="rmd-tab rmd-tab--active"
    id="tab-:r0:-1"
    role="tab"
    tabindex="-1"
    type="button"
  >
    <span>
      Tab 1
    </span>
  </button>
  <button
    aria-controls="tab-:r0:-panel-2"
    aria-selected="false"
    class="rmd-tab"
    id="tab-:r0:-2"
    role="tab"
    tabindex="-1"
    type="button"
  >
    <span>
      Tab 2
    </span>
  </button>
  <button
    aria-controls="tab-:r0:-panel-3"
    aria-selected="false"
    class="rmd-tab"
    id="tab-:r0:-3"
    role="tab"
    tabindex="-1"
    type="button"
  >
    <span>
      Tab 3
    </span>
  </button>
</div>
`;
