// Jest Snapshot v1, https://goo.gl/fbAQLP

exports[`ScaleTransition should default using the horizontal transition 1`] = `
<div>
  <button
    type="button"
  >
    Toggle
  </button>
</div>
`;

exports[`ScaleTransition should default using the horizontal transition 2`] = `
<div>
  <button
    type="button"
  >
    Toggle
  </button>
  <div
    class="rmd-scale-transition--enter rmd-scale-transition--enter-active"
    data-testid="element"
  >
    This is some content.
  </div>
</div>
`;

exports[`ScaleTransition should default using the horizontal transition 3`] = `
<div>
  <button
    type="button"
  >
    Toggle
  </button>
  <div
    data-testid="element"
  >
    This is some content.
  </div>
</div>
`;

exports[`ScaleTransition should default using the horizontal transition 4`] = `
<div>
  <button
    type="button"
  >
    Toggle
  </button>
  <div
    class="rmd-scale-transition--exit rmd-scale-transition--exit-active"
    data-testid="element"
  >
    This is some content.
  </div>
</div>
`;

exports[`ScaleTransition should default using the horizontal transition 5`] = `
<div>
  <button
    type="button"
  >
    Toggle
  </button>
</div>
`;

exports[`ScaleTransition should merge the className and allow to be rendered by default 1`] = `
<div>
  <button
    type="button"
  >
    Toggle
  </button>
  <div
    class="custom-class"
    data-testid="element"
  >
    This is some content.
  </div>
</div>
`;

exports[`ScaleTransition should merge the className and allow to be rendered by default 2`] = `
<div>
  <button
    type="button"
  >
    Toggle
  </button>
  <div
    class="custom-class rmd-scale-transition--exit rmd-scale-transition--exit-active"
    data-testid="element"
  >
    This is some content.
  </div>
</div>
`;

exports[`ScaleTransition should merge the className and allow to be rendered by default 3`] = `
<div>
  <button
    type="button"
  >
    Toggle
  </button>
</div>
`;

exports[`ScaleTransition should merge the className and allow to be rendered by default 4`] = `
<div>
  <button
    type="button"
  >
    Toggle
  </button>
  <div
    class="custom-class rmd-scale-transition--enter rmd-scale-transition--enter-active"
    data-testid="element"
  >
    This is some content.
  </div>
</div>
`;

exports[`ScaleTransition should merge the className and allow to be rendered by default 5`] = `
<div>
  <button
    type="button"
  >
    Toggle
  </button>
  <div
    class="custom-class"
    data-testid="element"
  >
    This is some content.
  </div>
</div>
`;

exports[`ScaleTransition should render correctly for a vertical transition 1`] = `
<div>
  <button
    type="button"
  >
    Toggle
  </button>
</div>
`;

exports[`ScaleTransition should render correctly for a vertical transition 2`] = `
<div>
  <button
    type="button"
  >
    Toggle
  </button>
  <div
    class="rmd-scale-transition--enter rmd-scale-transition--y-enter rmd-scale-transition--enter-active rmd-scale-transition--y-enter-active"
    data-testid="element"
  >
    This is some content.
  </div>
</div>
`;

exports[`ScaleTransition should render correctly for a vertical transition 3`] = `
<div>
  <button
    type="button"
  >
    Toggle
  </button>
  <div
    data-testid="element"
  >
    This is some content.
  </div>
</div>
`;

exports[`ScaleTransition should render correctly for a vertical transition 4`] = `
<div>
  <button
    type="button"
  >
    Toggle
  </button>
  <div
    class="rmd-scale-transition--exit rmd-scale-transition--y-exit rmd-scale-transition--exit-active rmd-scale-transition--y-exit-active"
    data-testid="element"
  >
    This is some content.
  </div>
</div>
`;

exports[`ScaleTransition should render correctly for a vertical transition 5`] = `
<div>
  <button
    type="button"
  >
    Toggle
  </button>
</div>
`;
