// Jest Snapshot v1, https://goo.gl/fbAQLP

exports[`button should be callable without any arguments 1`] = `"rmd-button rmd-button--text"`;
